#-----------------------------------------------------------
# Vivado v2025.1 (64-bit)
# SW Build 6140274 on Wed May 21 22:58:25 MDT 2025
# IP Build 6138677 on Thu May 22 03:10:11 MDT 2025
# SharedData Build 6139179 on Tue May 20 17:58:58 MDT 2025
# Start of session at: Tue Sep 16 17:14:37 2025
# Process ID         : 60657
# Current directory  : /home/student/karanovl/csci355/vivado/Lab1/Lab1.runs/impl_1
# Command line       : vivado -log and_from_nor.vdi -applog -product Vivado -messageDb vivado.pb -mode batch -source and_from_nor.tcl -notrace
# Log file           : /home/student/karanovl/csci355/vivado/Lab1/Lab1.runs/impl_1/and_from_nor.vdi
# Journal file       : /home/student/karanovl/csci355/vivado/Lab1/Lab1.runs/impl_1/vivado.jou
# Running On         : cub12
# Platform           : Debian
# Operating System   : Debian GNU/Linux 12 (bookworm)
# Processor Detail   : 11th Gen Intel(R) Core(TM) i7-11700 @ 2.50GHz
# CPU Frequency      : 3444.664 MHz
# CPU Physical cores : 8
# CPU Logical cores  : 16
# Host memory        : 33366 MB
# Swap memory        : 8589 MB
# Total Virtual      : 41956 MB
# Available Virtual  : 38609 MB
#-----------------------------------------------------------
source and_from_nor.tcl -notrace
